Mplus VERSION 7.1
MUTHEN & MUTHEN
06/06/2014   9:41 PM

INPUT INSTRUCTIONS

    title:
      Positive emotions -> Heuristic processing
    data:
      file is hp.dat;
    variable:
      names are sid pe1 pe2 pe3 ne1 ne2 ne3 hp1 hp2 hp3;
      usevariables pe1-pe3 hp1-hp3;
      classes = class(2);
    analysis:
      type = mixture;
      estimator = ml;
      starts = 500 10;
    model:
      %overall%
      PE by pe1@1 pe2* pe3*;
      [pe1@0];
      PE;

      HP by hp1@1 hp2* hp3*;
      [hp1@0];
      HP;

    %class#1%
      [PE*];
      [HP*];
      HP on PE;

    %class#2%
      [PE*];
      [HP*];
      HP on PE;

   output: tech1 tech3 tech11;
    savedata: tech3=acov.dat;
    !savedata: estimates=est.dat;
    savedata: results=result.dat;



*** WARNING in OUTPUT command
  TECH11 option is available only for estimator MLR.
  Request for TECH11 is ignored.
   1 WARNING(S) FOUND IN THE INPUT INSTRUCTIONS




Positive emotions -> Heuristic processing

SUMMARY OF ANALYSIS

Number of groups                                                 1
Number of observations                                         507

Number of dependent variables                                    6
Number of independent variables                                  0
Number of continuous latent variables                            2
Number of categorical latent variables                           1

Observed dependent variables

  Continuous
   PE1         PE2         PE3         HP1         HP2         HP3

Continuous latent variables
   PE          HP

Categorical latent variables
   CLASS


Estimator                                                       ML
Information matrix                                        OBSERVED
Optimization Specifications for the Quasi-Newton Algorithm for
Continuous Outcomes
  Maximum number of iterations                                 100
  Convergence criterion                                  0.100D-05
Optimization Specifications for the EM Algorithm
  Maximum number of iterations                                 500
  Convergence criteria
    Loglikelihood change                                 0.100D-06
    Relative loglikelihood change                        0.100D-06
    Derivative                                           0.100D-05
Optimization Specifications for the M step of the EM Algorithm for
Categorical Latent variables
  Number of M step iterations                                    1
  M step convergence criterion                           0.100D-05
  Basis for M step termination                           ITERATION
Optimization Specifications for the M step of the EM Algorithm for
Censored, Binary or Ordered Categorical (Ordinal), Unordered
Categorical (Nominal) and Count Outcomes
  Number of M step iterations                                    1
  M step convergence criterion                           0.100D-05
  Basis for M step termination                           ITERATION
  Maximum value for logit thresholds                            15
  Minimum value for logit thresholds                           -15
  Minimum expected cell size for chi-square              0.100D-01
Optimization algorithm                                         EMA
Random Starts Specifications
  Number of initial stage random starts                        500
  Number of final stage optimizations                           10
  Number of initial stage iterations                            10
  Initial stage convergence criterion                    0.100D+01
  Random starts scale                                    0.500D+01
  Random seed for generating random starts                       0

Input data file(s)
  hp.dat
Input data format  FREE


RANDOM STARTS RESULTS RANKED FROM THE BEST TO THE WORST LOGLIKELIHOOD VALUES

276 perturbed starting value run(s) did not converge in the initial stage
optimizations.

Final stage loglikelihood values at local maxima, seeds, and initial stage start numbers:

            -870.189  860772           174
            -870.189  821011           161
            -870.189  137377           397
            -870.189  476498           179
            -870.189  120506           45
            -870.189  602797           336
            -870.189  496881           192
            -870.189  679832           302
            -870.189  937588           293
            -873.666  801065           393



THE BEST LOGLIKELIHOOD VALUE HAS BEEN REPLICATED.  RERUN WITH AT LEAST TWICE THE
RANDOM STARTS TO CHECK THAT THE BEST LOGLIKELIHOOD IS STILL OBTAINED AND REPLICATED.


THE MODEL ESTIMATION TERMINATED NORMALLY



MODEL FIT INFORMATION

Number of Free Parameters                       23

Loglikelihood

          H0 Value                        -870.189

Information Criteria

          Akaike (AIC)                    1786.379
          Bayesian (BIC)                  1883.635
          Sample-Size Adjusted BIC        1810.630
            (n* = (n + 2) / 24)



FINAL CLASS COUNTS AND PROPORTIONS FOR THE LATENT CLASSES
BASED ON THE ESTIMATED MODEL

    Latent
   Classes

       1        305.37774          0.60232
       2        201.62226          0.39768


FINAL CLASS COUNTS AND PROPORTIONS FOR THE LATENT CLASS PATTERNS
BASED ON ESTIMATED POSTERIOR PROBABILITIES

    Latent
   Classes

       1        305.37775          0.60232
       2        201.62225          0.39768


CLASSIFICATION QUALITY

     Entropy                         0.559


CLASSIFICATION OF INDIVIDUALS BASED ON THEIR MOST LIKELY LATENT CLASS MEMBERSHIP

Class Counts and Proportions

    Latent
   Classes

       1              308          0.60750
       2              199          0.39250


Average Latent Class Probabilities for Most Likely Latent Class Membership (Row)
by Latent Class (Column)

           1        2

    1   0.883    0.117
    2   0.168    0.832


Classification Probabilities for the Most Likely Latent Class Membership (Row)
by Latent Class (Column)

           1        2

    1   0.891    0.109
    2   0.178    0.822


Logits for the Classification Probabilities for the Most Likely Latent Class Membership (Row)
by Latent Class (Column)

              1        2

    1      2.098    0.000
    2     -1.527    0.000


MODEL RESULTS

                                                    Two-Tailed
                    Estimate       S.E.  Est./S.E.    P-Value

Latent Class 1

 PE       BY
    PE1                1.000      0.000    999.000    999.000
    PE2                1.098      0.033     32.836      0.000
    PE3                1.116      0.034     32.565      0.000

 HP       BY
    HP1                1.000      0.000    999.000    999.000
    HP2                1.013      0.067     15.021      0.000
    HP3                0.846      0.059     14.354      0.000

 HP         ON
    PE                 0.152      0.034      4.517      0.000

 Means
    PE                 3.529      0.060     58.337      0.000

 Intercepts
    PE1                0.000      0.000    999.000    999.000
    PE2                0.073      0.105      0.697      0.486
    PE3               -0.086      0.107     -0.804      0.421
    HP1                0.000      0.000    999.000    999.000
    HP2                0.065      0.036      1.797      0.072
    HP3                0.039      0.032      1.248      0.212
    HP                 0.020      0.127      0.159      0.874

 Variances
    PE                 0.265      0.035      7.589      0.000

 Residual Variances
    PE1                0.134      0.012     10.843      0.000
    PE2                0.136      0.014      9.534      0.000
    PE3                0.147      0.015      9.833      0.000
    HP1                0.019      0.002      9.846      0.000
    HP2                0.018      0.002      9.464      0.000
    HP3                0.019      0.002     11.860      0.000
    HP                 0.023      0.003      8.830      0.000

Latent Class 2

 PE       BY
    PE1                1.000      0.000    999.000    999.000
    PE2                1.098      0.033     32.836      0.000
    PE3                1.116      0.034     32.565      0.000

 HP       BY
    HP1                1.000      0.000    999.000    999.000
    HP2                1.013      0.067     15.021      0.000
    HP3                0.846      0.059     14.354      0.000

 HP         ON
    PE                 0.053      0.042      1.261      0.207

 Means
    PE                 2.317      0.073     31.835      0.000

 Intercepts
    PE1                0.000      0.000    999.000    999.000
    PE2                0.073      0.105      0.697      0.486
    PE3               -0.086      0.107     -0.804      0.421
    HP1                0.000      0.000    999.000    999.000
    HP2                0.065      0.036      1.797      0.072
    HP3                0.039      0.032      1.248      0.212
    HP                 0.336      0.089      3.793      0.000

 Variances
    PE                 0.265      0.035      7.589      0.000

 Residual Variances
    PE1                0.134      0.012     10.843      0.000
    PE2                0.136      0.014      9.534      0.000
    PE3                0.147      0.015      9.833      0.000
    HP1                0.019      0.002      9.846      0.000
    HP2                0.018      0.002      9.464      0.000
    HP3                0.019      0.002     11.860      0.000
    HP                 0.023      0.003      8.830      0.000

Categorical Latent Variables

 Means
    CLASS#1            0.415      0.189      2.191      0.028


QUALITY OF NUMERICAL RESULTS

     Condition Number for the Information Matrix              0.496E-04
       (ratio of smallest to largest eigenvalue)


TECHNICAL 1 OUTPUT


     PARAMETER SPECIFICATION FOR LATENT CLASS 1


           NU
              PE1           PE2           PE3           HP1           HP2
              ________      ________      ________      ________      ________
 1                  0             1             2             0             3


           NU
              HP3
              ________
 1                  4


           LAMBDA
              PE            HP
              ________      ________
 PE1                0             0
 PE2                5             0
 PE3                6             0
 HP1                0             0
 HP2                0             7
 HP3                0             8


           THETA
              PE1           PE2           PE3           HP1           HP2
              ________      ________      ________      ________      ________
 PE1                9
 PE2                0            10
 PE3                0             0            11
 HP1                0             0             0            12
 HP2                0             0             0             0            13
 HP3                0             0             0             0             0


           THETA
              HP3
              ________
 HP3               14


           ALPHA
              PE            HP
              ________      ________
 1                 15            16


           BETA
              PE            HP
              ________      ________
 PE                 0             0
 HP                17             0


           PSI
              PE            HP
              ________      ________
 PE                18
 HP                 0            19


     PARAMETER SPECIFICATION FOR LATENT CLASS 2


           NU
              PE1           PE2           PE3           HP1           HP2
              ________      ________      ________      ________      ________
 1                  0             1             2             0             3


           NU
              HP3
              ________
 1                  4


           LAMBDA
              PE            HP
              ________      ________
 PE1                0             0
 PE2                5             0
 PE3                6             0
 HP1                0             0
 HP2                0             7
 HP3                0             8


           THETA
              PE1           PE2           PE3           HP1           HP2
              ________      ________      ________      ________      ________
 PE1                9
 PE2                0            10
 PE3                0             0            11
 HP1                0             0             0            12
 HP2                0             0             0             0            13
 HP3                0             0             0             0             0


           THETA
              HP3
              ________
 HP3               14


           ALPHA
              PE            HP
              ________      ________
 1                 20            21


           BETA
              PE            HP
              ________      ________
 PE                 0             0
 HP                22             0


           PSI
              PE            HP
              ________      ________
 PE                18
 HP                 0            19


     PARAMETER SPECIFICATION FOR LATENT CLASS REGRESSION MODEL PART


           ALPHA(C)
              CLASS#1       CLASS#2
              ________      ________
 1                 23             0


     STARTING VALUES FOR LATENT CLASS 1


           NU
              PE1           PE2           PE3           HP1           HP2
              ________      ________      ________      ________      ________
 1              0.000         3.420         3.316         0.000         0.590


           NU
              HP3
              ________
 1              0.478


           LAMBDA
              PE            HP
              ________      ________
 PE1            1.000         0.000
 PE2            1.000         0.000
 PE3            1.000         0.000
 HP1            0.000         1.000
 HP2            0.000         1.000
 HP3            0.000         1.000


           THETA
              PE1           PE2           PE3           HP1           HP2
              ________      ________      ________      ________      ________
 PE1            0.376
 PE2            0.000         0.441
 PE3            0.000         0.000         0.459
 HP1            0.000         0.000         0.000         0.024
 HP2            0.000         0.000         0.000         0.000         0.024
 HP3            0.000         0.000         0.000         0.000         0.000


           THETA
              HP3
              ________
 HP3            0.020


           ALPHA
              PE            HP
              ________      ________
 1              0.000         0.000


           BETA
              PE            HP
              ________      ________
 PE             0.000         0.000
 HP             0.000         0.000


           PSI
              PE            HP
              ________      ________
 PE             0.050
 HP             0.000         0.050


     STARTING VALUES FOR LATENT CLASS 2


           NU
              PE1           PE2           PE3           HP1           HP2
              ________      ________      ________      ________      ________
 1              0.000         3.420         3.316         0.000         0.590


           NU
              HP3
              ________
 1              0.478


           LAMBDA
              PE            HP
              ________      ________
 PE1            1.000         0.000
 PE2            1.000         0.000
 PE3            1.000         0.000
 HP1            0.000         1.000
 HP2            0.000         1.000
 HP3            0.000         1.000


           THETA
              PE1           PE2           PE3           HP1           HP2
              ________      ________      ________      ________      ________
 PE1            0.376
 PE2            0.000         0.441
 PE3            0.000         0.000         0.459
 HP1            0.000         0.000         0.000         0.024
 HP2            0.000         0.000         0.000         0.000         0.024
 HP3            0.000         0.000         0.000         0.000         0.000


           THETA
              HP3
              ________
 HP3            0.020


           ALPHA
              PE            HP
              ________      ________
 1              0.000         0.000


           BETA
              PE            HP
              ________      ________
 PE             0.000         0.000
 HP             0.000         0.000


           PSI
              PE            HP
              ________      ________
 PE             0.050
 HP             0.000         0.050


     STARTING VALUES FOR LATENT CLASS REGRESSION MODEL PART


           ALPHA(C)
              CLASS#1       CLASS#2
              ________      ________
 1              0.000         0.000


TECHNICAL 3 OUTPUT


           ESTIMATED COVARIANCE MATRIX FOR PARAMETER ESTIMATES
                     1             2             3             4             5
              ________      ________      ________      ________      ________
        1   0.109775D-01
        2   0.580261D-02  0.115331D-01
        3   0.495422D-05 -0.663445D-05  0.129797D-02
        4  -0.464922D-05 -0.116370D-04  0.569836D-03  0.998334D-03
        5  -0.341028D-02 -0.179807D-02 -0.162584D-05  0.152575D-05  0.111916D-02
        6  -0.179807D-02 -0.358183D-02  0.217725D-05  0.381894D-05  0.590078D-03
        7  -0.955349D-05  0.127936D-04 -0.235997D-02 -0.103683D-02  0.313520D-05
        8   0.896535D-05  0.224402D-04 -0.103683D-02 -0.179939D-02 -0.294219D-05
        9  -0.281947D-03 -0.282382D-03  0.275996D-06  0.205829D-05  0.925274D-04
       10   0.364646D-03 -0.676928D-04  0.253865D-05  0.413899D-06 -0.119667D-03
       11  -0.739312D-04  0.377032D-03 -0.265798D-05 -0.269987D-05  0.242622D-04
       12  -0.204575D-07  0.702505D-06 -0.304128D-04 -0.220147D-04  0.671350D-08
       13   0.544385D-06 -0.358418D-07  0.305211D-04  0.495986D-05 -0.178652D-06
       14  -0.457357D-06 -0.605938D-06  0.125775D-05  0.159337D-04  0.150092D-06
       15   0.647043D-03  0.400824D-03  0.938942D-05 -0.115170D-04 -0.307451D-03
       16   0.856672D-03  0.124305D-02 -0.722984D-03 -0.458836D-03 -0.266664D-03
       17  -0.266932D-03 -0.365688D-03  0.208875D-03  0.134932D-03  0.875998D-04
       18   0.925931D-03  0.101943D-02 -0.482671D-05 -0.379245D-06 -0.303866D-03
       19   0.970172D-06  0.165476D-05  0.531425D-04  0.425017D-04 -0.318384D-06
       20  -0.119852D-02 -0.143598D-02  0.478250D-05 -0.139611D-04  0.298213D-03
       21   0.308631D-03  0.484663D-03 -0.222243D-03 -0.141824D-03 -0.962016D-04
       22  -0.964364D-04 -0.187885D-03  0.449714D-04  0.157863D-04  0.316478D-04
       23  -0.698759D-03  0.120762D-03 -0.260241D-04  0.430062D-04  0.229314D-03


           ESTIMATED COVARIANCE MATRIX FOR PARAMETER ESTIMATES
                     6             7             8             9            10
              ________      ________      ________      ________      ________
        6   0.117546D-02
        7  -0.419851D-05  0.455087D-02
        8  -0.736429D-05  0.199938D-02  0.346987D-02
        9   0.926701D-04 -0.532218D-06 -0.396912D-05  0.152186D-03
       10   0.222149D-04 -0.489542D-05 -0.798145D-06 -0.270487D-04  0.202210D-03
       11  -0.123732D-03  0.512553D-05  0.520631D-05 -0.260493D-04 -0.643476D-04
       12  -0.230543D-06  0.586468D-04  0.424522D-04 -0.887190D-07 -0.116164D-06
       13   0.117624D-07 -0.588556D-04 -0.956438D-05 -0.595952D-07  0.170446D-06
       14   0.198853D-06 -0.242539D-05 -0.307259D-04  0.132580D-06 -0.436306D-07
       15  -0.228207D-03 -0.181062D-04  0.222088D-04 -0.314978D-04  0.720964D-04
       16  -0.393225D-03  0.132083D-02  0.823598D-03 -0.101720D-03 -0.562343D-04
       17   0.120009D-03 -0.402786D-03 -0.260197D-03  0.292680D-04  0.133712D-04
       18  -0.334549D-03  0.930762D-05  0.731319D-06 -0.620949D-04 -0.688248D-06
       19  -0.543047D-06 -0.102478D-03 -0.819585D-04 -0.455616D-06 -0.117870D-06
       20   0.374582D-03 -0.922237D-05  0.269220D-04 -0.723788D-05  0.516676D-04
       21  -0.153887D-03  0.355218D-03  0.212285D-03 -0.407623D-04 -0.223674D-04
       22   0.616588D-04 -0.867209D-04 -0.304415D-04  0.179620D-04  0.127685D-04
       23  -0.396307D-04  0.501837D-04 -0.829312D-04  0.752421D-04 -0.220292D-03


           ESTIMATED COVARIANCE MATRIX FOR PARAMETER ESTIMATES
                    11            12            13            14            15
              ________      ________      ________      ________      ________
       11   0.223295D-03
       12   0.207285D-06  0.373620D-05
       13  -0.905061D-07 -0.110158D-05  0.363731D-05
       14  -0.108914D-06 -0.446784D-06 -0.315201D-06  0.269137D-05
       15  -0.417292D-04  0.634797D-07  0.113673D-05 -0.105134D-05  0.366002D-02
       16   0.110392D-03  0.192318D-04 -0.200038D-04 -0.173331D-06 -0.112024D-02
       17  -0.288954D-04 -0.603309D-05  0.591319D-05  0.369115D-06  0.264292D-03
       18   0.347337D-04  0.205454D-06 -0.339889D-06  0.110763D-06 -0.725901D-03
       19   0.180817D-06 -0.177837D-05  0.700304D-06  0.312211D-06  0.155854D-06
       20  -0.451907D-04  0.338270D-06  0.893117D-06 -0.108764D-05  0.199275D-02
       21   0.542596D-04  0.266150D-05 -0.423247D-05  0.120704D-05 -0.525297D-03
       22  -0.274749D-04  0.199397D-06  0.121767D-05 -0.122232D-05  0.217952D-03
       23   0.148436D-03 -0.594897D-06 -0.358077D-05  0.367005D-05 -0.760909D-02


           ESTIMATED COVARIANCE MATRIX FOR PARAMETER ESTIMATES
                    16            17            18            19            20
              ________      ________      ________      ________      ________
       16   0.160503D-01
       17  -0.424315D-02  0.113516D-02
       18   0.665364D-03 -0.177008D-03  0.122307D-02
       19   0.155773D-04 -0.255834D-05 -0.914722D-06  0.675668D-05
       20  -0.101447D-02  0.260410D-03  0.151257D-03 -0.260619D-05  0.529673D-02
       21   0.545850D-02 -0.136894D-02  0.366087D-03  0.990526D-05 -0.291819D-03
       22  -0.292422D-02  0.736224D-03 -0.148668D-03 -0.859314D-05  0.117497D-03
       23   0.357449D-02 -0.904785D-03  0.129848D-02  0.324570D-05 -0.867548D-02


           ESTIMATED COVARIANCE MATRIX FOR PARAMETER ESTIMATES
                    21            22            23
              ________      ________      ________
       21   0.785862D-02
       22  -0.368931D-02  0.179644D-02
       23   0.144060D-02 -0.612962D-03  0.358969D-01


           ESTIMATED CORRELATION MATRIX FOR PARAMETER ESTIMATES
                     1             2             3             4             5
              ________      ________      ________      ________      ________
        1       1.000
        2       0.516         1.000
        3       0.001        -0.002         1.000
        4      -0.001        -0.003         0.501         1.000
        5      -0.973        -0.500        -0.001         0.001         1.000
        6      -0.501        -0.973         0.002         0.004         0.514
        7      -0.001         0.002        -0.971        -0.486         0.001
        8       0.001         0.004        -0.489        -0.967        -0.001
        9      -0.218        -0.213         0.001         0.005         0.224
       10       0.245        -0.044         0.005         0.001        -0.252
       11      -0.047         0.235        -0.005        -0.006         0.049
       12       0.000         0.003        -0.437        -0.360         0.000
       13       0.003         0.000         0.444         0.082        -0.003
       14      -0.003        -0.003         0.021         0.307         0.003
       15       0.102         0.062         0.004        -0.006        -0.152
       16       0.065         0.091        -0.158        -0.115        -0.063
       17      -0.076        -0.101         0.172         0.127         0.078
       18       0.253         0.271        -0.004         0.000        -0.260
       19       0.004         0.006         0.567         0.517        -0.004
       20      -0.157        -0.184         0.002        -0.006         0.122
       21       0.033         0.051        -0.070        -0.051        -0.032
       22      -0.022        -0.041         0.029         0.012         0.022
       23      -0.035         0.006        -0.004         0.007         0.036


           ESTIMATED CORRELATION MATRIX FOR PARAMETER ESTIMATES
                     6             7             8             9            10
              ________      ________      ________      ________      ________
        6       1.000
        7      -0.002         1.000
        8      -0.004         0.503         1.000
        9       0.219        -0.001        -0.005         1.000
       10       0.046        -0.005        -0.001        -0.154         1.000
       11      -0.242         0.005         0.006        -0.141        -0.303
       12      -0.003         0.450         0.373        -0.004        -0.004
       13       0.000        -0.457        -0.085        -0.003         0.006
       14       0.004        -0.022        -0.318         0.007        -0.002
       15      -0.110        -0.004         0.006        -0.042         0.084
       16      -0.091         0.155         0.110        -0.065        -0.031
       17       0.104        -0.177        -0.131         0.070         0.028
       18      -0.279         0.004         0.000        -0.144        -0.001
       19      -0.006        -0.584        -0.535        -0.014        -0.003
       20       0.150        -0.002         0.006        -0.008         0.050
       21      -0.051         0.059         0.041        -0.037        -0.018
       22       0.042        -0.030        -0.012         0.034         0.021
       23      -0.006         0.004        -0.007         0.032        -0.082


           ESTIMATED CORRELATION MATRIX FOR PARAMETER ESTIMATES
                    11            12            13            14            15
              ________      ________      ________      ________      ________
       11       1.000
       12       0.007         1.000
       13      -0.003        -0.299         1.000
       14      -0.004        -0.141        -0.101         1.000
       15      -0.046         0.001         0.010        -0.011         1.000
       16       0.058         0.079        -0.083        -0.001        -0.146
       17      -0.057        -0.093         0.092         0.007         0.130
       18       0.066         0.003        -0.005         0.002        -0.343
       19       0.005        -0.354         0.141         0.073         0.001
       20      -0.042         0.002         0.006        -0.009         0.453
       21       0.041         0.016        -0.025         0.008        -0.098
       22      -0.043         0.002         0.015        -0.018         0.085
       23       0.052        -0.002        -0.010         0.012        -0.664


           ESTIMATED CORRELATION MATRIX FOR PARAMETER ESTIMATES
                    16            17            18            19            20
              ________      ________      ________      ________      ________
       16       1.000
       17      -0.994         1.000
       18       0.150        -0.150         1.000
       19       0.047        -0.029        -0.010         1.000
       20      -0.110         0.106         0.059        -0.014         1.000
       21       0.486        -0.458         0.118         0.043        -0.045
       22      -0.545         0.516        -0.100        -0.078         0.038
       23       0.149        -0.142         0.196         0.007        -0.629


           ESTIMATED CORRELATION MATRIX FOR PARAMETER ESTIMATES
                    21            22            23
              ________      ________      ________
       21       1.000
       22      -0.982         1.000
       23       0.086        -0.076         1.000


RESULTS SAVING INFORMATION

  Order of data

    Parameter estimates
     (saved in order shown in Technical 1 output)
    Standard errors
     (saved in order shown in Technical 1 output)
    H0 Loglikelihood
    Number of Free Parameters
    Akaike (AIC)
    Bayesian (BIC)
    Sample-Size Adjusted BIC
    Entropy

  Save file
    result.dat

  Save file format           Free


SAVEDATA INFORMATION


  Estimated Covariance Matrix for the Parameter Estimates

  Save file
    acov.dat
  Save format      Free

DIAGRAM INFORMATION

  Mplus diagrams are currently not available for Mixture analysis.
  No diagram output was produced.


     Beginning Time:  21:41:10
        Ending Time:  21:41:19
       Elapsed Time:  00:00:09



MUTHEN & MUTHEN
3463 Stoner Ave.
Los Angeles, CA  90066

Tel: (310) 391-9971
Fax: (310) 391-8971
Web: www.StatModel.com
Support: Support@StatModel.com

Copyright (c) 1998-2013 Muthen & Muthen
